// Rstest Snapshot v1

exports[`client option > configure client entry > should disable client entry > console messages 1`] = `[]`;

exports[`client option > configure client entry > should disable client entry > page errors 1`] = `[]`;

exports[`client option > configure client entry > should disable client entry > response status 1`] = `200`;

exports[`client option > configure client entry > should redirect client entry to rspack > console messages 1`] = `[]`;

exports[`client option > configure client entry > should redirect client entry to rspack > page errors 1`] = `[]`;

exports[`client option > configure client entry > should redirect client entry to rspack > response status 1`] = `200`;

exports[`client option > override client entry > should disable client entry > response status 1`] = `200`;
